[REQUEST] 2026-01-01T04:36:23.855Z - GET /leaderboard | {"method":"GET","path":"/leaderboard","statusCode":200,"responseTime":"74ms","userId":null}
[REQUEST] 2026-01-01T04:36:23.927Z - GET /leaderboard | {"method":"GET","path":"/leaderboard","statusCode":200,"responseTime":"68ms","userId":null}
[REQUEST] 2026-01-01T04:36:44.597Z - POST /login | {"method":"POST","path":"/login","statusCode":200,"responseTime":"117ms","userId":null}
[REQUEST] 2026-01-01T04:36:48.988Z - GET /leaderboard | {"method":"GET","path":"/leaderboard","statusCode":200,"responseTime":"80ms","userId":null}
[REQUEST] 2026-01-01T04:36:49.068Z - GET /leaderboard | {"method":"GET","path":"/leaderboard","statusCode":200,"responseTime":"75ms","userId":null}
[REQUEST] 2026-01-01T04:37:11.562Z - POST /login | {"method":"POST","path":"/login","statusCode":200,"responseTime":"111ms","userId":null}
[REQUEST] 2026-01-01T04:37:14.667Z - GET /leaderboard | {"method":"GET","path":"/leaderboard","statusCode":200,"responseTime":"78ms","userId":null}
[REQUEST] 2026-01-01T04:37:14.745Z - GET /leaderboard | {"method":"GET","path":"/leaderboard","statusCode":200,"responseTime":"73ms","userId":null}
[REQUEST] 2026-01-01T04:37:23.119Z - GET /questions | {"method":"GET","path":"/questions","statusCode":200,"responseTime":"44ms","userId":null}
[REQUEST] 2026-01-01T04:37:23.155Z - GET /questions | {"method":"GET","path":"/questions","statusCode":200,"responseTime":"35ms","userId":null}
[REQUEST] 2026-01-01T04:37:23.397Z - GET /stats | {"method":"GET","path":"/stats","statusCode":200,"responseTime":"329ms","userId":null}
[REQUEST] 2026-01-01T04:37:23.689Z - GET /users | {"method":"GET","path":"/users","statusCode":200,"responseTime":"609ms","userId":null}
[REQUEST] 2026-01-01T04:37:23.710Z - GET /stats | {"method":"GET","path":"/stats","statusCode":200,"responseTime":"310ms","userId":null}
[REQUEST] 2026-01-01T04:37:23.766Z - GET /users | {"method":"GET","path":"/users","statusCode":200,"responseTime":"74ms","userId":null}
[REQUEST] 2026-01-01T04:37:52.013Z - GET /leaderboard | {"method":"GET","path":"/leaderboard","statusCode":200,"responseTime":"82ms","userId":null}
[REQUEST] 2026-01-01T04:37:52.093Z - GET /leaderboard | {"method":"GET","path":"/leaderboard","statusCode":200,"responseTime":"75ms","userId":null}
[REQUEST] 2026-01-01T04:37:59.569Z - GET /leaderboard | {"method":"GET","path":"/leaderboard","statusCode":200,"responseTime":"70ms","userId":null}
[REQUEST] 2026-01-01T04:37:59.650Z - GET /leaderboard | {"method":"GET","path":"/leaderboard","statusCode":200,"responseTime":"76ms","userId":null}
[REQUEST] 2026-01-01T04:52:26.427Z - POST /login | {"method":"POST","path":"/login","statusCode":200,"responseTime":"126ms","userId":null}
[REQUEST] 2026-01-01T04:52:29.603Z - GET /leaderboard | {"method":"GET","path":"/leaderboard","statusCode":200,"responseTime":"74ms","userId":null}
[REQUEST] 2026-01-01T04:52:29.678Z - GET /leaderboard | {"method":"GET","path":"/leaderboard","statusCode":200,"responseTime":"71ms","userId":null}
[REQUEST] 2026-01-01T04:52:32.852Z - GET /alumni | {"method":"GET","path":"/alumni","statusCode":200,"responseTime":"32ms","userId":null}
[REQUEST] 2026-01-01T04:52:32.854Z - GET /experiences | {"method":"GET","path":"/experiences","statusCode":200,"responseTime":"39ms","userId":null}
[REQUEST] 2026-01-01T04:52:32.890Z - GET /experiences | {"method":"GET","path":"/experiences","statusCode":200,"responseTime":"31ms","userId":null}
[REQUEST] 2026-01-01T04:52:32.893Z - GET /alumni | {"method":"GET","path":"/alumni","statusCode":200,"responseTime":"37ms","userId":null}
[REQUEST] 2026-01-01T05:12:08.640Z - POST /signup | {"method":"POST","path":"/signup","statusCode":400,"responseTime":"0ms","userId":null}
[REQUEST] 2026-01-01T05:12:14.065Z - POST /signup | {"method":"POST","path":"/signup","statusCode":400,"responseTime":"0ms","userId":null}
[REQUEST] 2026-01-01T05:12:17.843Z - POST /signup | {"method":"POST","path":"/signup","statusCode":400,"responseTime":"0ms","userId":null}
[REQUEST] 2026-01-01T05:12:19.907Z - POST /signup | {"method":"POST","path":"/signup","statusCode":400,"responseTime":"0ms","userId":null}
[REQUEST] 2026-01-01T05:12:23.597Z - POST /signup | {"method":"POST","path":"/signup","statusCode":400,"responseTime":"1ms","userId":null}
[REQUEST] 2026-01-01T05:12:24.236Z - POST /signup | {"method":"POST","path":"/signup","statusCode":400,"responseTime":"0ms","userId":null}
[REQUEST] 2026-01-01T05:13:47.009Z - POST /signup | {"method":"POST","path":"/signup","statusCode":400,"responseTime":"0ms","userId":null}
[REQUEST] 2026-01-01T05:58:17.804Z - GET /leaderboard | {"method":"GET","path":"/leaderboard","statusCode":200,"responseTime":"67ms","userId":null}
[REQUEST] 2026-01-01T05:58:17.876Z - GET /leaderboard | {"method":"GET","path":"/leaderboard","statusCode":200,"responseTime":"69ms","userId":null}
[REQUEST] 2026-01-01T06:02:03.444Z - POST /signup | {"method":"POST","path":"/signup","statusCode":400,"responseTime":"0ms","userId":null}
[REQUEST] 2026-01-01T06:02:05.739Z - POST /signup | {"method":"POST","path":"/signup","statusCode":400,"responseTime":"0ms","userId":null}
[REQUEST] 2026-01-01T06:02:25.949Z - POST /login | {"method":"POST","path":"/login","statusCode":401,"responseTime":"90ms","userId":null}
[REQUEST] 2026-01-01T06:02:36.249Z - POST /login | {"method":"POST","path":"/login","statusCode":200,"responseTime":"166ms","userId":null}
[REQUEST] 2026-01-01T06:02:39.333Z - GET /leaderboard | {"method":"GET","path":"/leaderboard","statusCode":200,"responseTime":"103ms","userId":null}
[REQUEST] 2026-01-01T06:02:39.401Z - GET /leaderboard | {"method":"GET","path":"/leaderboard","statusCode":200,"responseTime":"63ms","userId":null}
[REQUEST] 2026-01-01T06:02:41.596Z - GET /alumni | {"method":"GET","path":"/alumni","statusCode":200,"responseTime":"71ms","userId":null}
[REQUEST] 2026-01-01T06:02:41.598Z - GET /experiences | {"method":"GET","path":"/experiences","statusCode":200,"responseTime":"77ms","userId":null}
[REQUEST] 2026-01-01T06:02:41.632Z - GET /experiences | {"method":"GET","path":"/experiences","statusCode":200,"responseTime":"31ms","userId":null}
[REQUEST] 2026-01-01T06:02:41.633Z - GET /alumni | {"method":"GET","path":"/alumni","statusCode":200,"responseTime":"30ms","userId":null}
[REQUEST] 2026-01-01T06:02:43.951Z - GET /leaderboard | {"method":"GET","path":"/leaderboard","statusCode":200,"responseTime":"159ms","userId":null}
[REQUEST] 2026-01-01T06:02:44.024Z - GET /leaderboard | {"method":"GET","path":"/leaderboard","statusCode":200,"responseTime":"69ms","userId":null}
[REQUEST] 2026-01-01T08:20:30.372Z - POST /login | {"method":"POST","path":"/login","statusCode":200,"responseTime":"243ms","userId":null}
[REQUEST] 2026-01-01T08:20:35.037Z - POST /login | {"method":"POST","path":"/login","statusCode":401,"responseTime":"36ms","userId":null}
[REQUEST] 2026-01-01T08:20:40.276Z - GET /leaderboard | {"method":"GET","path":"/leaderboard","statusCode":200,"responseTime":"74ms","userId":null}
[REQUEST] 2026-01-01T08:20:40.359Z - GET /leaderboard | {"method":"GET","path":"/leaderboard","statusCode":200,"responseTime":"73ms","userId":null}
[REQUEST] 2026-01-01T08:20:48.267Z - GET /leaderboard | {"method":"GET","path":"/leaderboard","statusCode":200,"responseTime":"68ms","userId":null}
[REQUEST] 2026-01-01T08:20:48.339Z - GET /leaderboard | {"method":"GET","path":"/leaderboard","statusCode":200,"responseTime":"68ms","userId":null}
[REQUEST] 2026-01-01T08:26:36.412Z - GET /leaderboard | {"method":"GET","path":"/leaderboard","statusCode":200,"responseTime":"68ms","userId":null}
[REQUEST] 2026-01-01T08:26:36.481Z - GET /leaderboard | {"method":"GET","path":"/leaderboard","statusCode":200,"responseTime":"64ms","userId":null}
[REQUEST] 2026-01-01T09:18:23.589Z - POST /signup | {"method":"POST","path":"/signup","statusCode":201,"responseTime":"3871ms","userId":null}
[REQUEST] 2026-01-01T09:18:48.332Z - POST /verify-otp | {"method":"POST","path":"/verify-otp","statusCode":200,"responseTime":"81ms","userId":null}
[REQUEST] 2026-01-01T09:18:48.511Z - GET /alumni/69563bdc11111624fdbb6446 | {"method":"GET","path":"/alumni/69563bdc11111624fdbb6446","statusCode":200,"responseTime":"73ms","userId":null}
[REQUEST] 2026-01-01T09:18:48.584Z - GET /alumni/69563bdc11111624fdbb6446 | {"method":"GET","path":"/alumni/69563bdc11111624fdbb6446","statusCode":200,"responseTime":"69ms","userId":null}
[REQUEST] 2026-01-01T09:18:54.782Z - GET /leaderboard | {"method":"GET","path":"/leaderboard","statusCode":200,"responseTime":"73ms","userId":null}
[REQUEST] 2026-01-01T09:18:54.858Z - GET /leaderboard | {"method":"GET","path":"/leaderboard","statusCode":200,"responseTime":"71ms","userId":null}
[REQUEST] 2026-01-01T09:19:13.456Z - GET /experiences | {"method":"GET","path":"/experiences","statusCode":200,"responseTime":"37ms","userId":null}
[REQUEST] 2026-01-01T09:19:13.497Z - GET /experiences | {"method":"GET","path":"/experiences","statusCode":200,"responseTime":"35ms","userId":null}
[REQUEST] 2026-01-01T09:19:13.685Z - GET /alumni | {"method":"GET","path":"/alumni","statusCode":200,"responseTime":"261ms","userId":null}
[REQUEST] 2026-01-01T09:19:13.726Z - GET /alumni | {"method":"GET","path":"/alumni","statusCode":200,"responseTime":"36ms","userId":null}
[REQUEST] 2026-01-01T09:19:20.461Z - GET /leaderboard | {"method":"GET","path":"/leaderboard","statusCode":200,"responseTime":"64ms","userId":null}
[REQUEST] 2026-01-01T09:19:20.530Z - GET /leaderboard | {"method":"GET","path":"/leaderboard","statusCode":200,"responseTime":"65ms","userId":null}
[REQUEST] 2026-01-01T09:19:21.915Z - GET /leaderboard | {"method":"GET","path":"/leaderboard","statusCode":200,"responseTime":"65ms","userId":null}
[REQUEST] 2026-01-01T09:19:21.982Z - GET /leaderboard | {"method":"GET","path":"/leaderboard","statusCode":200,"responseTime":"63ms","userId":null}
[REQUEST] 2026-01-01T09:19:24.609Z - GET /experiences | {"method":"GET","path":"/experiences","statusCode":200,"responseTime":"37ms","userId":null}
[REQUEST] 2026-01-01T09:19:24.618Z - GET /alumni | {"method":"GET","path":"/alumni","statusCode":200,"responseTime":"43ms","userId":null}
[REQUEST] 2026-01-01T09:19:24.653Z - GET /experiences | {"method":"GET","path":"/experiences","statusCode":200,"responseTime":"39ms","userId":null}
[REQUEST] 2026-01-01T09:19:24.676Z - GET /alumni | {"method":"GET","path":"/alumni","statusCode":200,"responseTime":"53ms","userId":null}
[REQUEST] 2026-01-01T09:19:26.656Z - GET /leaderboard | {"method":"GET","path":"/leaderboard","statusCode":200,"responseTime":"159ms","userId":null}
[REQUEST] 2026-01-01T09:19:26.732Z - GET /leaderboard | {"method":"GET","path":"/leaderboard","statusCode":200,"responseTime":"71ms","userId":null}
[REQUEST] 2026-01-01T09:19:38.005Z - GET /alumni | {"method":"GET","path":"/alumni","statusCode":200,"responseTime":"36ms","userId":null}
[REQUEST] 2026-01-01T09:19:38.047Z - GET /alumni | {"method":"GET","path":"/alumni","statusCode":200,"responseTime":"38ms","userId":null}
[REQUEST] 2026-01-01T09:24:37.483Z - POST /experience/create | {"method":"POST","path":"/experience/create","statusCode":401,"responseTime":"1ms","userId":null}
[REQUEST] 2026-01-01T09:33:42.252Z - GET /leaderboard | {"method":"GET","path":"/leaderboard","statusCode":200,"responseTime":"69ms","userId":null}
[REQUEST] 2026-01-01T09:33:42.324Z - GET /leaderboard | {"method":"GET","path":"/leaderboard","statusCode":200,"responseTime":"68ms","userId":null}
